[debug] [2026-04-22T00:04:55.045Z] ----------------------------------------------------------------------
[debug] [2026-04-22T00:04:55.048Z] Command:       /opt/homebrew/Cellar/node/25.9.0_2/bin/node /opt/homebrew/bin/firebase deploy --only hosting
[debug] [2026-04-22T00:04:55.048Z] CLI Version:   15.9.1
[debug] [2026-04-22T00:04:55.048Z] Platform:      darwin
[debug] [2026-04-22T00:04:55.048Z] Node Version:  v25.9.0
[debug] [2026-04-22T00:04:55.048Z] Time:          Wed Apr 22 2026 01:04:55 GMT+0100 (West Africa Time)
[debug] [2026-04-22T00:04:55.048Z] ----------------------------------------------------------------------
[debug] 
[debug] [2026-04-22T00:04:56.245Z] > command requires scopes: ["email","openid","https://www.googleapis.com/auth/cloudplatformprojects.readonly","https://www.googleapis.com/auth/firebase","https://www.googleapis.com/auth/cloud-platform"]
[debug] [2026-04-22T00:04:56.246Z] > authorizing via signed-in user (konwoubuntu@gmail.com)
[debug] [2026-04-22T00:04:56.246Z] [iam] checking project backgrounds-on-demand for permissions ["firebase.projects.get","firebasehosting.sites.update"]
[debug] [2026-04-22T00:04:56.247Z] Checked if tokens are valid: false, expires at: 1776814673143
[debug] [2026-04-22T00:04:56.247Z] Checked if tokens are valid: false, expires at: 1776814673143
[debug] [2026-04-22T00:04:56.247Z] > refreshing access token with scopes: []
[debug] [2026-04-22T00:04:56.249Z] >>> [apiv2][query] POST https://www.googleapis.com/oauth2/v3/token [none]
[debug] [2026-04-22T00:04:56.249Z] >>> [apiv2][body] POST https://www.googleapis.com/oauth2/v3/token [omitted]
[debug] [2026-04-22T00:04:56.651Z] <<< [apiv2][status] POST https://www.googleapis.com/oauth2/v3/token 200
[debug] [2026-04-22T00:04:56.651Z] <<< [apiv2][body] POST https://www.googleapis.com/oauth2/v3/token [omitted]
[debug] [2026-04-22T00:04:56.664Z] >>> [apiv2][query] POST https://cloudresourcemanager.googleapis.com/v1/projects/backgrounds-on-demand:testIamPermissions [none]
[debug] [2026-04-22T00:04:56.664Z] >>> [apiv2][(partial)header] POST https://cloudresourcemanager.googleapis.com/v1/projects/backgrounds-on-demand:testIamPermissions  x-goog-user-project=backgrounds-on-demand
[debug] [2026-04-22T00:04:56.664Z] >>> [apiv2][body] POST https://cloudresourcemanager.googleapis.com/v1/projects/backgrounds-on-demand:testIamPermissions {"permissions":["firebase.projects.get","firebasehosting.sites.update"]}
[debug] [2026-04-22T00:04:58.055Z] <<< [apiv2][status] POST https://cloudresourcemanager.googleapis.com/v1/projects/backgrounds-on-demand:testIamPermissions 200
[debug] [2026-04-22T00:04:58.055Z] <<< [apiv2][body] POST https://cloudresourcemanager.googleapis.com/v1/projects/backgrounds-on-demand:testIamPermissions {"permissions":["firebase.projects.get","firebasehosting.sites.update"]}
[debug] [2026-04-22T00:04:58.056Z] Checked if tokens are valid: true, expires at: 1776819895651
[debug] [2026-04-22T00:04:58.057Z] Checked if tokens are valid: true, expires at: 1776819895651
[debug] [2026-04-22T00:04:58.057Z] >>> [apiv2][query] GET https://firebase.googleapis.com/v1beta1/projects/backgrounds-on-demand [none]
[debug] [2026-04-22T00:04:58.701Z] <<< [apiv2][status] GET https://firebase.googleapis.com/v1beta1/projects/backgrounds-on-demand 200
[debug] [2026-04-22T00:04:58.701Z] <<< [apiv2][body] GET https://firebase.googleapis.com/v1beta1/projects/backgrounds-on-demand {"projectId":"backgrounds-on-demand","projectNumber":"594100146569","displayName":"Refinedocs","name":"projects/backgrounds-on-demand","resources":{"hostingSite":"backgrounds-on-demand"},"state":"ACTIVE","etag":"1_ad9ecd88-de4c-49c6-9726-64d0f0ef58d9"}
[debug] [2026-04-22T00:05:00.985Z] Checked if tokens are valid: true, expires at: 1776819895651
[debug] [2026-04-22T00:05:00.986Z] Checked if tokens are valid: true, expires at: 1776819895651
[debug] [2026-04-22T00:05:00.987Z] >>> [apiv2][query] GET https://firebasehosting.googleapis.com/v1beta1/projects/backgrounds-on-demand/sites pageToken=&pageSize=10
[debug] [2026-04-22T00:05:02.847Z] <<< [apiv2][status] GET https://firebasehosting.googleapis.com/v1beta1/projects/backgrounds-on-demand/sites 200
[debug] [2026-04-22T00:05:02.848Z] <<< [apiv2][body] GET https://firebasehosting.googleapis.com/v1beta1/projects/backgrounds-on-demand/sites {"sites":[{"name":"projects/backgrounds-on-demand/sites/backgrounds-on-demand","defaultUrl":"https://backgrounds-on-demand.web.app","appId":"1:594100146569:web:761ad205e6688f0005d158","type":"DEFAULT_SITE"}]}
[debug] [2026-04-22T00:05:02.849Z] Checked if tokens are valid: true, expires at: 1776819895651
[debug] [2026-04-22T00:05:02.849Z] Checked if tokens are valid: true, expires at: 1776819895651
[debug] [2026-04-22T00:05:02.849Z] >>> [apiv2][query] GET https://firebase.googleapis.com/v1beta1/projects/-/webApps/1:594100146569:web:761ad205e6688f0005d158/config [none]
[debug] [2026-04-22T00:05:03.603Z] <<< [apiv2][status] GET https://firebase.googleapis.com/v1beta1/projects/-/webApps/1:594100146569:web:761ad205e6688f0005d158/config 200
[debug] [2026-04-22T00:05:03.603Z] <<< [apiv2][body] GET https://firebase.googleapis.com/v1beta1/projects/-/webApps/1:594100146569:web:761ad205e6688f0005d158/config {"projectId":"backgrounds-on-demand","appId":"1:594100146569:web:761ad205e6688f0005d158","storageBucket":"backgrounds-on-demand.firebasestorage.app","apiKey":"AIzaSyDAOY2j3ej-X-efPv2yL7-mzb6sDGaF4dk","authDomain":"backgrounds-on-demand.firebaseapp.com","messagingSenderId":"594100146569","measurementId":"G-6Y4G64N39S","projectNumber":"594100146569","version":"2"}
[info] 
   Thank you for trying our early preview of Next.js support on Firebase Hosting.
   During the preview, support is best-effort and breaking changes can be expected. Proceed with caution.

   Documentation: https://firebase.google.com/docs/hosting/frameworks/nextjs
   File a bug: https://github.com/firebase/firebase-tools/issues/new?template=bug_report.md
   Submit a feature request: https://github.com/firebase/firebase-tools/issues/new?template=feature_request.md

   We'd love to learn from you. Express your interest in helping us shape the future of Firebase Hosting: https://goo.gle/41enW5X

[debug] [2026-04-22T00:05:07.912Z] Checked if tokens are valid: true, expires at: 1776819895651
[debug] [2026-04-22T00:05:07.912Z] Checked if tokens are valid: true, expires at: 1776819895651
[debug] [2026-04-22T00:05:07.913Z] >>> [apiv2][query] GET https://firebasehosting.googleapis.com/v1beta1/projects/backgrounds-on-demand/sites/backgrounds-on-demand [none]
[debug] [2026-04-22T00:05:09.529Z] <<< [apiv2][status] GET https://firebasehosting.googleapis.com/v1beta1/projects/backgrounds-on-demand/sites/backgrounds-on-demand 200
[debug] [2026-04-22T00:05:09.529Z] <<< [apiv2][body] GET https://firebasehosting.googleapis.com/v1beta1/projects/backgrounds-on-demand/sites/backgrounds-on-demand {"name":"projects/backgrounds-on-demand/sites/backgrounds-on-demand","defaultUrl":"https://backgrounds-on-demand.web.app","appId":"1:594100146569:web:761ad205e6688f0005d158","type":"DEFAULT_SITE"}
[info]   ▲ Next.js 14.2.13

[info]   - Environments: .env.local


[info]    Creating an optimized production build ...

